---
source: tests/suite/pattern_snapshots.rs
expression: compressed
---
pytest: 19 passed, 1 failed
  ran: test_login, test_logout, test_register, test_connect, test_query, test_migrate, test_health, test_create, test_update, test_set, test_get, test_expire, test_evict, test_load, test_validate, test_defaults, test_parse, test_format, test_sanitize
  FAIL: test_delete
  > def test_delete():
>       assert response.status_code == 204
E       AssertionError: assert 403 == 204
  > ========================= 19 passed, 1 failed in 2.34s =========================
